[page/index.html]
[backblue.gif]
[fade.gif]
[index.html]
[page/images/favicon.ico]
[page/images/security-headers.png]
[page/js/skel/2.2.1/skel.min.js]
[page/js/jquery/3.6.4/jquery.min.js]
[page/js/skel-layers/2.0.1/skel-layers.min.js]
[page/js/jquery.dropotron.min.js]
[page/js/init.min3860.js]
[page/css/skel/2.2.1/skel.min.css]
[page/css/style.min17d3.css]
[page/css/style-desktop.mina0a7.css]
[page/css/style-1000px.min2750.css]
[page/css/style-mobile.min0aff.css]
[page/images/Probely Security Headers Logo - Light.svg]
[page/cdn-cgi/l/email-protection.html]
[page/api/index.html]
[page/faq/index.html]
[page/about/index.html]
[page/api/terms/index.html]
[page/cdn-cgi/scripts/5c5dd728/cloudflare-static/email-decode.min.js]
[page/api/docs/index.html]
[page/js/scan.js]
[page/index.html]
[page/index9f5b.html]
[page/index1891.html]
[page/about/index.html]
[page/index9bcf.html]
[page/index3f2f.html]
[page/indexf5e9.html]
[page/index13dc.html]
[page/.well-known/ipv4.txt]
[page/faq/index.html]
[page/indexfd73.html]
[page/indexa8b0.html]
[page/index9cb9.html]
[page/index1431.html]
[page/api/index.html]
[page/api/manage.html]
[page/index8024.html]
[page/api/terms/index.html]
[page/index7085.html]
[page/indexd15c.html]
[page/index0e21.html]
[page/index864d.html]
[page/api/docs/index.html]
[page/api.html]
[page/index0c12.html]
[page/indexbedb.html]
[page/index0ef9.html]
[page/indexd69c.html]
[page/images/D.png]
[page/index9bcf.html]
[page/index1927.html]
[page/index9f5b.html]
[page/index7b50.html]
[page/index9347.html]
[page/index39c0.html]
[page/index1891.html]
[page/index3f2f.html]
[page/images/A+.png]
[page/images/B.png]
[page/indexf5e9.html]
[page/index13dc.html]
[page/index9cb9.html]
[page/images/E.png]
[page/index9bec.html]
[page/images/A.png]
[page/indexfd73.html]
[page/images/F.png]
[page/index1431.html]
[page/indexa8b0.html]
[page/index8024.html]
[page/index0e21.html]
[page/index7085.html]
[page/indexd15c.html]
[page/index864d.html]
[page/indexbedb.html]
[page/index0c12.html]
[page/index0ef9.html]
[page/indexd69c.html]
[page/index7b50.html]
[page/index39c0.html]
[page/index1927.html]
[page/index9347.html]
[page/cdn-cgi/l/email-protection.html]
[www.google.com/recaptcha/api.js]
[page/index4360.html]
[page/index43e0.html]
[page/api/manage.html]
[page/api.html]
[page/js/submitForm.js]
[page/images/R.png]
[page/index9bec.html]
[page/index4c01.html]
[page/images/.png]
[page/index4c01.html]
[page/index43e0.html]
[page/index4360.html]
[page/images/A+.png]
[page/images/E.png]
[www.google.com/recaptcha/api.js]
[page/css/skel/2.2.1/skel.min.css]
[page/css/style.min17d3.css]
[page/js/submitForm.js]
[page/css/images/tablet-img.png]
[page/css/images/tablet-shadow.png]
[page/css/images/mobile-img.png]
[page/css/images/mobile-shadow.png]
[page/css/images/shadow-bg02.png]
[page/css/style-desktop.mina0a7.css]
[page/css/style-1000px.min2750.css]
[page/css/images/toggle.svg]
[page/css/style-mobile.min0aff.css]
[page/images/Probely Security Headers Logo - Light.svg]
[page/index9bec.html]
[page/images/.html]
[page/css/images/toggle.svg]
