[securityheaders.com/index.html]
[backblue.gif]
[fade.gif]
[index.html]
[securityheaders.com/images/favicon.ico]
[securityheaders.com/images/security-headers.png]
[securityheaders.com/js/skel/2.2.1/skel.min.js]
[securityheaders.com/js/jquery/3.6.4/jquery.min.js]
[securityheaders.com/js/skel-layers/2.0.1/skel-layers.min.js]
[securityheaders.com/js/jquery.dropotron.min.js]
[securityheaders.com/js/init.min3860.js]
[securityheaders.com/css/skel/2.2.1/skel.min.css]
[securityheaders.com/css/style.min17d3.css]
[securityheaders.com/css/style-desktop.mina0a7.css]
[securityheaders.com/css/style-1000px.min2750.css]
[securityheaders.com/css/style-mobile.min0aff.css]
[securityheaders.com/images/Probely Security Headers Logo - Light.svg]
[securityheaders.com/cdn-cgi/l/email-protection.html]
[securityheaders.com/api/index.html]
[securityheaders.com/faq/index.html]
[securityheaders.com/about/index.html]
[securityheaders.com/api/terms/index.html]
[securityheaders.com/cdn-cgi/scripts/5c5dd728/cloudflare-static/email-decode.min.js]
[securityheaders.com/api/docs/index.html]
[securityheaders.com/js/scan.js]
[securityheaders.com/index.html]
[securityheaders.com/index9f5b.html]
[securityheaders.com/index1891.html]
[securityheaders.com/about/index.html]
[securityheaders.com/index9bcf.html]
[securityheaders.com/index3f2f.html]
[securityheaders.com/indexf5e9.html]
[securityheaders.com/index13dc.html]
[securityheaders.com/.well-known/ipv4.txt]
[securityheaders.com/faq/index.html]
[securityheaders.com/indexfd73.html]
[securityheaders.com/indexa8b0.html]
[securityheaders.com/index9cb9.html]
[securityheaders.com/index1431.html]
[securityheaders.com/api/index.html]
[securityheaders.com/api/manage.html]
[securityheaders.com/index8024.html]
[securityheaders.com/api/terms/index.html]
[securityheaders.com/index7085.html]
[securityheaders.com/indexd15c.html]
[securityheaders.com/index0e21.html]
[securityheaders.com/index864d.html]
[securityheaders.com/api/docs/index.html]
[securityheaders.com/api.html]
[securityheaders.com/index0c12.html]
[securityheaders.com/indexbedb.html]
[securityheaders.com/index0ef9.html]
[securityheaders.com/indexd69c.html]
[securityheaders.com/images/D.png]
[securityheaders.com/index9bcf.html]
[securityheaders.com/index1927.html]
[securityheaders.com/index9f5b.html]
[securityheaders.com/index7b50.html]
[securityheaders.com/index9347.html]
[securityheaders.com/index39c0.html]
[securityheaders.com/index1891.html]
[securityheaders.com/index3f2f.html]
[securityheaders.com/images/A+.png]
[securityheaders.com/images/B.png]
[securityheaders.com/indexf5e9.html]
[securityheaders.com/index13dc.html]
[securityheaders.com/index9cb9.html]
[securityheaders.com/images/E.png]
[securityheaders.com/index9bec.html]
[securityheaders.com/images/A.png]
[securityheaders.com/indexfd73.html]
[securityheaders.com/images/F.png]
[securityheaders.com/index1431.html]
[securityheaders.com/indexa8b0.html]
[securityheaders.com/index8024.html]
[securityheaders.com/index0e21.html]
[securityheaders.com/index7085.html]
[securityheaders.com/indexd15c.html]
[securityheaders.com/index864d.html]
[securityheaders.com/indexbedb.html]
[securityheaders.com/index0c12.html]
[securityheaders.com/index0ef9.html]
[securityheaders.com/indexd69c.html]
[securityheaders.com/index7b50.html]
[securityheaders.com/index39c0.html]
[securityheaders.com/index1927.html]
[securityheaders.com/index9347.html]
[securityheaders.com/cdn-cgi/l/email-protection.html]
[www.google.com/recaptcha/api.js]
[securityheaders.com/index4360.html]
[securityheaders.com/index43e0.html]
[securityheaders.com/api/manage.html]
[securityheaders.com/api.html]
[securityheaders.com/js/submitForm.js]
[securityheaders.com/images/R.png]
[securityheaders.com/index9bec.html]
[securityheaders.com/index4c01.html]
[securityheaders.com/images/.png]
[securityheaders.com/index4c01.html]
[securityheaders.com/index43e0.html]
[securityheaders.com/index4360.html]
[securityheaders.com/images/A+.png]
[securityheaders.com/images/E.png]
[www.google.com/recaptcha/api.js]
[securityheaders.com/css/skel/2.2.1/skel.min.css]
[securityheaders.com/css/style.min17d3.css]
[securityheaders.com/js/submitForm.js]
[securityheaders.com/css/images/tablet-img.png]
[securityheaders.com/css/images/tablet-shadow.png]
[securityheaders.com/css/images/mobile-img.png]
[securityheaders.com/css/images/mobile-shadow.png]
[securityheaders.com/css/images/shadow-bg02.png]
[securityheaders.com/css/style-desktop.mina0a7.css]
[securityheaders.com/css/style-1000px.min2750.css]
[securityheaders.com/css/images/toggle.svg]
[securityheaders.com/css/style-mobile.min0aff.css]
[securityheaders.com/images/Probely Security Headers Logo - Light.svg]
[securityheaders.com/index9bec.html]
[securityheaders.com/images/.html]
[securityheaders.com/css/images/toggle.svg]
